WARNING: Exceptions raised reading this instance:
 [ValueError("could not convert string to float: b''")]
WARNING: Exceptions raised reading this instance:
 [ValueError("could not convert string to float: b''")]
WARNING: Exceptions raised reading this instance:
 [ValueError("could not convert string to float: b''")]
WARNING: Exceptions raised reading this instance:
 [ValueError("could not convert string to float: b''")]
WARNING: Exceptions raised reading this instance:
 [ValueError("could not convert string to float: b''")]
WARNING: Exceptions raised reading this instance:
 [ValueError("could not convert string to float: b''")]
WARNING: Exceptions raised reading this instance:
 [ValueError("could not convert string to float: b''")]
WARNING: Exceptions raised reading this instance:
 [ValueError("could not convert string to float: b''")]
WARNING: Exceptions raised reading this instance:
 [ValueError("could not convert string to float: b''")]
WARNING: Exceptions raised reading this instance:
 [ValueError("could not convert string to float: b''")]
WARNING: Exceptions raised reading this instance:
 [ValueError("could not convert string to float: b''")]
WARNING: Exceptions raised reading this instance:
 [ValueError("could not convert string to float: b''")]
WARNING: Exceptions raised reading this instance:
 [ValueError("could not convert string to float: b''")]
WARNING: Exceptions raised reading this instance:
 [ValueError("could not convert string to float: b''")]
WARNING: Exceptions raised reading this instance:
 [ValueError("could not convert string to float: b''")]
WARNING: Exceptions raised reading this instance:
 [ValueError("could not convert string to float: b''")]
WARNING: Exceptions raised reading this instance:
 [ValueError("could not convert string to float: b''")]
WARNING: Exceptions raised reading this instance:
 [ValueError("could not convert string to float: b''")]
WARNING: Exceptions raised reading this instance:
 [ValueError("could not convert string to float: b''")]
WARNING: Exceptions raised reading this instance:
 [ValueError("could not convert string to float: b''")]
WARNING: Exceptions raised reading this instance:
 [ValueError("could not convert string to float: b''")]
WARNING: Exceptions raised reading this instance:
 [ValueError("could not convert string to float: b''")]
WARNING: Exceptions raised reading this instance:
 [ValueError("could not convert string to float: b''")]
WARNING: Exceptions raised reading this instance:
 [ValueError("could not convert string to float: b''")]
WARNING: Exceptions raised reading this instance:
 [ValueError("could not convert string to float: b''")]
WARNING: Exceptions raised reading this instance:
 [ValueError("could not convert string to float: b''")]
WARNING: Exceptions raised reading this instance:
 [ValueError("could not convert string to float: b''")]
WARNING: Exceptions raised reading this instance:
 [ValueError("could not convert string to float: b''")]
WARNING: Exceptions raised reading this instance:
 [ValueError("could not convert string to float: b''")]
WARNING: Exceptions raised reading this instance:
 [ValueError("could not convert string to float: b''")]
WARNING: Exceptions raised reading this instance:
 [ValueError("could not convert string to float: b''")]
WARNING: Exceptions raised reading this instance:
 [ValueError("could not convert string to float: b''")]
WARNING: Exceptions raised reading this instance:
 [ValueError("could not convert string to float: b''")]
WARNING: Exceptions raised reading this instance:
 [ValueError("could not convert string to float: b''")]
WARNING: Exceptions raised reading this instance:
 [ValueError("could not convert string to float: b''")]
WARNING: Exceptions raised reading this instance:
 [ValueError("could not convert string to float: b''")]
WARNING: Exceptions raised reading this instance:
 [ValueError("could not convert string to float: b''")]
WARNING: Exceptions raised reading this instance:
 [ValueError("could not convert string to float: b''")]
WARNING: Exceptions raised reading this instance:
 [ValueError("could not convert string to float: b''")]
WARNING: Exceptions raised reading this instance:
 [ValueError("could not convert string to float: b''")]
WARNING: Exceptions raised reading this instance:
 [ValueError("could not convert string to float: b''")]
WARNING: Exceptions raised reading this instance:
 [ValueError("could not convert string to float: b''")]
WARNING: Exceptions raised reading this instance:
 [ValueError("could not convert string to float: b''")]
SETTINGS {"algorithm": "original", "seed": 13, "evaluations": 100, "kick_trigger": 100, "kick_level": "medium", "dataset": "shapesnew", "piece_count": 43}
WARMUP COMPLETE (excluded from timing)
PASS {"cpu_seconds": 11.861458489, "hostname": "gpu019.aire.lee.alces.network", "gpu": "NVIDIA L40S, 560.35.03", "numpy_version": "2.1.3", "platform": "Linux-5.14.0-427.33.1.el9_4.x86_64-x86_64-with-glibc2.34", "source_hashes": {"binvox_rw.py": "cc8c38c3513c18f6a5c1d19c2a82ae024095f341bd30b94a519e41ab15b43201", "new_ILS_southampton.py": "37dafc2c3b39916ce2b4b42404da44ce74bddf5b627e8e462fd0b3e0175f9fdd", "packing_iter_ls.py": "1d049c3e44c567cddbfa165a678ba825dcc40a315f9e79dbd137a1796a909b29", "summary_results.py": "a5e1694537e156133531c577e62fa354ddd62a438344f5ca0badf12f16d4d0f9", "SCH_iter_ls.py": "829c38488db1759607734449855b0b16d839ef2b754d5ef79de9fd9c72211eb2", "iter_local_search.py": "b76569681e442146f3e35db12dafdba1e0703d1b9634ed3218240a71a3a6ba0a", "function_lib.py": "4c28bc3da25da0e099f711b68f6980e27c66b6b791a0a53cecea2d482cead5ef"}, "single_bin_policy": "benchmark-only continuation; all pieces eligible at one bin", "algorithm": "original", "dataset": "shapesnew", "seed": 13, "evaluations": 100, "regular": 100, "kicks": 0, "kick_trigger": 100, "wall_seconds": 11.914283215999603, "seconds_per_evaluation": 0.11914283215999603, "best_N": 9, "best_U": 0.2449001736111111, "best_U_star": 0.25537109375, "origin_N": 9, "origin_U": 0.2449001736111111, "origin_U_star": 0.2510986328125, "source_sha256": "37dafc2c3b39916ce2b4b42404da44ce74bddf5b627e8e462fd0b3e0175f9fdd", "python": "/users/pmywe/.conda/envs/packing/bin/python", "original_budget_adapter": true, "original_fixes": ["exact candidate budget", "independent orientation lists", "post-kick end timestamp", "restart neighborhood after kick"], "note": "Wall time includes construction and search; excludes warm-up/imports. CUDA synchronized at timing boundaries. Exact budget includes kicks. Detailed event tracing disabled. One-bin continuation is a benchmark-only adaptation."}
